   Γû▓ Next.js 15.0.3
   - Environments: .env.local

   Creating an optimized production build ...
node.exe : Failed to 
compile.
At line:1 char:1
+ & "C:\Program Files\
nodejs/node.exe" "C:\U
sers\arunk\AppData\Roa
ming\ ...
+ ~~~~~~~~~~~~~~~~~~~~
~~~~~~~~~~~~~~~~~~~~~~
~~~~~~~~~~~~~~~~~~~~~~
~~~~~
    + CategoryInfo    
          : NotSpeci  
  fied: (Failed to    
 compile.:String)     
[], RemoteExcepti    
on
    + FullyQualifiedE 
   rrorId : NativeCo  
  mmandError
 

app\(admin)\alerts\pag
e.tsx
You cannot have two 
parallel pages that 
resolve to the same 
path. Please check 
/(admin)/alerts/page 
and /(operator)/alerts
/page. Refer to the 
route group docs for 
more information: http
s://nextjs.org/docs/ap
p/building-your-applic
ation/routing/route-gr
oups

app\(admin)\cameras\pa
ge.tsx
You cannot have two 
parallel pages that 
resolve to the same 
path. Please check 
/(admin)/cameras/page 
and /(operator)/camera
s/page. Refer to the 
route group docs for 
more information: http
s://nextjs.org/docs/ap
p/building-your-applic
ation/routing/route-gr
oups

app\(admin)\dashboard\
page.tsx
You cannot have two 
parallel pages that 
resolve to the same 
path. Please check /(a
dmin)/dashboard/page 
and /(operator)/dashbo
ard/page. Refer to 
the route group docs 
for more information: 
https://nextjs.org/doc
s/app/building-your-ap
plication/routing/rout
e-groups

app\(operator)\alerts\
page.tsx
You cannot have two 
parallel pages that 
resolve to the same 
path. Please check 
/(admin)/alerts/page 
and /(operator)/alerts
/page. Refer to the 
route group docs for 
more information: http
s://nextjs.org/docs/ap
p/building-your-applic
ation/routing/route-gr
oups

app\(operator)\cameras
\page.tsx
You cannot have two 
parallel pages that 
resolve to the same 
path. Please check 
/(admin)/cameras/page 
and /(operator)/camera
s/page. Refer to the 
route group docs for 
more information: http
s://nextjs.org/docs/ap
p/building-your-applic
ation/routing/route-gr
oups


> Build failed 
because of webpack 
errors
